// Jest Snapshot v1, https://goo.gl/fbAQLP

exports[`Favourite Medias Renders Correctly 1`] = `""`;

exports[`Home Layout Renders Correctly 1`] = `""`;
